Assuming unrestricted shared filesystem usage.
None
host: LAPTOP-VJUKPTIC
Building DAG of jobs...
Using shell: /usr/bin/bash
Provided cores: 12
Rules claiming more threads will be scaled down.
Job stats:
job               count
--------------  -------
samtools_index        2
total                 2

Select jobs to execute...
Execute 2 jobs...
[Sat Apr 12 14:46:36 2025]
localrule samtools_index:
    input: sorted_reads/B.bam
    output: sorted_reads/B.bam.bai
    jobid: 3
    reason: Missing output files: sorted_reads/B.bam.bai
    wildcards: sample=B
    resources: tmpdir=/tmp

[Sat Apr 12 14:46:36 2025]
localrule samtools_index:
    input: sorted_reads/A.bam
    output: sorted_reads/A.bam.bai
    jobid: 0
    reason: Missing output files: sorted_reads/A.bam.bai
    wildcards: sample=A
    resources: tmpdir=/tmp

Waiting for more resources.
[Sat Apr 12 14:46:36 2025]
Finished jobid: 3 (Rule: samtools_index)
1 of 2 steps (50%) done
[Sat Apr 12 14:46:36 2025]
Finished jobid: 0 (Rule: samtools_index)
2 of 2 steps (100%) done
Complete log(s): /home/lizalfos/snakemake-tutorial/.snakemake/log/2025-04-12T144636.757660.snakemake.log
