Assuming unrestricted shared filesystem usage.
None
host: LAPTOP-VJUKPTIC
Building DAG of jobs...
Using shell: /usr/bin/bash
Select jobs to execute...
Execute 2 jobs...
Waiting for more resources.
Select jobs to execute...
Execute 1 jobs...
Waiting for more resources.
Select jobs to execute...
Execute 1 jobs...
Waiting for more resources.
Select jobs to execute...
Execute 1 jobs...
Waiting for more resources.
Select jobs to execute...
Execute 1 jobs...
Waiting for more resources.
Select jobs to execute...
Execute 1 jobs...
Waiting for more resources.
Select jobs to execute...
Execute 1 jobs...
Waiting for more resources.
Select jobs to execute...
Execute 1 jobs...
Waiting for more resources.
Complete log(s): /home/lizalfos/snakemake-tutorial/.snakemake/log/2025-04-14T131252.082303.snakemake.log
