Assuming unrestricted shared filesystem usage.
None
host: LAPTOP-VJUKPTIC
Building DAG of jobs...
Using shell: /usr/bin/bash
Provided cores: 12
Rules claiming more threads will be scaled down.
Job stats:
job        count
-------  -------
bwa_map        2
total          2

Select jobs to execute...
Execute 2 jobs...
[Sat Apr 12 14:20:28 2025]
localrule bwa_map:
    input: data/genome.fa, data/samples/B.fastq
    output: mapped_reads/B.bam
    jobid: 1
    reason: Missing output files: mapped_reads/B.bam
    wildcards: sample=B
    resources: tmpdir=/tmp

[Sat Apr 12 14:20:28 2025]
localrule bwa_map:
    input: data/genome.fa, data/samples/A.fastq
    output: mapped_reads/A.bam
    jobid: 0
    reason: Updated input files: data/samples/A.fastq
    wildcards: sample=A
    resources: tmpdir=/tmp

Waiting for more resources.
[Sat Apr 12 14:20:29 2025]
Finished jobid: 1 (Rule: bwa_map)
1 of 2 steps (50%) done
[Sat Apr 12 14:20:29 2025]
Finished jobid: 0 (Rule: bwa_map)
2 of 2 steps (100%) done
Complete log(s): /home/lizalfos/snakemake-tutorial/.snakemake/log/2025-04-12T142028.269391.snakemake.log
