Assuming unrestricted shared filesystem usage.
None
host: LAPTOP-VJUKPTIC
Building DAG of jobs...
Using shell: /usr/bin/bash
Provided cores: 1 (use --cores to define parallelism)
Rules claiming more threads will be scaled down.
Job stats:
job        count
-------  -------
bwa_map        1
total          1

Select jobs to execute...
Execute 1 jobs...
[Sat Apr 12 14:11:41 2025]
localrule bwa_map:
    input: data/genome.fa, data/samples/A.fastq
    output: mapped_reads/A.bam
    jobid: 0
    reason: Updated input files: data/samples/A.fastq
    wildcards: sample=A
    resources: tmpdir=/tmp

Waiting for more resources.
[Sat Apr 12 14:11:42 2025]
Finished jobid: 0 (Rule: bwa_map)
1 of 1 steps (100%) done
Complete log(s): /home/lizalfos/snakemake-tutorial/.snakemake/log/2025-04-12T141141.393602.snakemake.log
