Assuming unrestricted shared filesystem usage.
None
host: LAPTOP-VJUKPTIC
Building DAG of jobs...
Using shell: /usr/bin/bash
Provided cores: 12
Rules claiming more threads will be scaled down.
Job stats:
job           count
----------  -------
plot_quals        1
total             1

Select jobs to execute...
Execute 1 jobs...
[Sat Apr 12 17:05:59 2025]
localrule plot_quals:
    input: calls/all.vcf
    output: plots/quals.svg
    jobid: 0
    reason: Missing output files: plots/quals.svg
    resources: tmpdir=/tmp

Waiting for more resources.
[Sat Apr 12 17:06:02 2025]
Finished jobid: 0 (Rule: plot_quals)
1 of 1 steps (100%) done
Complete log(s): /home/lizalfos/snakemake-tutorial/.snakemake/log/2025-04-12T170559.571632.snakemake.log
