Assuming unrestricted shared filesystem usage.
None
host: LAPTOP-VJUKPTIC
Building DAG of jobs...
Using shell: /usr/bin/bash
Provided cores: 12
Rules claiming more threads will be scaled down.
Job stats:
job               count
--------------  -------
all                   1
bcftools_call         1
bwa_map               3
plot_quals            1
samtools_index        3
samtools_sort         3
total                12

Select jobs to execute...
Execute 1 jobs...
[Mon Apr 14 20:02:35 2025]
localrule bwa_map:
    input: data/genome.fa, data/samples/B.fastq
    output: mapped_reads/B.bam
    log: logs/bwa_mem/B.log
    jobid: 6
    reason: Code has changed since last execution; Params have changed since last execution: Union of exclusive params before and now across all output: before: <nothing exclusive> now: '@RG\\tID:B\\tSM:B' 
    wildcards: sample=B
    threads: 8
    resources: tmpdir=/tmp

Waiting for more resources.
[Mon Apr 14 20:02:35 2025]
Finished jobid: 6 (Rule: bwa_map)
1 of 12 steps (8%) done
Select jobs to execute...
Execute 2 jobs...
[Mon Apr 14 20:02:35 2025]
localrule bwa_map:
    input: data/genome.fa, data/samples/A.fastq
    output: mapped_reads/A.bam
    log: logs/bwa_mem/A.log
    jobid: 4
    reason: Code has changed since last execution; Params have changed since last execution: Union of exclusive params before and now across all output: before: <nothing exclusive> now: '@RG\\tID:A\\tSM:A' 
    wildcards: sample=A
    threads: 8
    resources: tmpdir=/tmp

[Mon Apr 14 20:02:35 2025]
localrule samtools_sort:
    input: mapped_reads/B.bam
    output: sorted_reads/B.bam
    jobid: 5
    reason: Input files updated by another job: mapped_reads/B.bam
    wildcards: sample=B
    resources: tmpdir=/tmp

Waiting for more resources.
[Mon Apr 14 20:02:35 2025]
Finished jobid: 5 (Rule: samtools_sort)
2 of 12 steps (17%) done
Select jobs to execute...
Execute 1 jobs...
[Mon Apr 14 20:02:36 2025]
localrule samtools_index:
    input: sorted_reads/B.bam
    output: sorted_reads/B.bam.bai
    jobid: 10
    reason: Input files updated by another job: sorted_reads/B.bam
    wildcards: sample=B
    resources: tmpdir=/tmp

Waiting for more resources.
Select jobs to execute...
[Mon Apr 14 20:02:36 2025]
Finished jobid: 10 (Rule: samtools_index)
3 of 12 steps (25%) done
[Mon Apr 14 20:02:36 2025]
Finished jobid: 4 (Rule: bwa_map)
4 of 12 steps (33%) done
Execute 2 jobs...
[Mon Apr 14 20:02:36 2025]
localrule bwa_map:
    input: data/genome.fa, data/samples/C.fastq
    output: mapped_reads/C.bam
    log: logs/bwa_mem/C.log
    jobid: 8
    reason: Missing output files: mapped_reads/C.bam
    wildcards: sample=C
    threads: 8
    resources: tmpdir=/tmp

[Mon Apr 14 20:02:36 2025]
localrule samtools_sort:
    input: mapped_reads/A.bam
    output: sorted_reads/A.bam
    jobid: 3
    reason: Input files updated by another job: mapped_reads/A.bam
    wildcards: sample=A
    resources: tmpdir=/tmp

Waiting for more resources.
[Mon Apr 14 20:02:36 2025]
Finished jobid: 3 (Rule: samtools_sort)
5 of 12 steps (42%) done
Select jobs to execute...
Execute 1 jobs...
[Mon Apr 14 20:02:36 2025]
localrule samtools_index:
    input: sorted_reads/A.bam
    output: sorted_reads/A.bam.bai
    jobid: 9
    reason: Input files updated by another job: sorted_reads/A.bam
    wildcards: sample=A
    resources: tmpdir=/tmp

Waiting for more resources.
[Mon Apr 14 20:02:36 2025]
Finished jobid: 9 (Rule: samtools_index)
6 of 12 steps (50%) done
[Mon Apr 14 20:02:36 2025]
Finished jobid: 8 (Rule: bwa_map)
7 of 12 steps (58%) done
Select jobs to execute...
Execute 1 jobs...
[Mon Apr 14 20:02:36 2025]
localrule samtools_sort:
    input: mapped_reads/C.bam
    output: sorted_reads/C.bam
    jobid: 7
    reason: Missing output files: sorted_reads/C.bam; Input files updated by another job: mapped_reads/C.bam
    wildcards: sample=C
    resources: tmpdir=/tmp

Waiting for more resources.
[Mon Apr 14 20:02:36 2025]
Finished jobid: 7 (Rule: samtools_sort)
8 of 12 steps (67%) done
Select jobs to execute...
Execute 1 jobs...
[Mon Apr 14 20:02:36 2025]
localrule samtools_index:
    input: sorted_reads/C.bam
    output: sorted_reads/C.bam.bai
    jobid: 11
    reason: Missing output files: sorted_reads/C.bam.bai; Input files updated by another job: sorted_reads/C.bam
    wildcards: sample=C
    resources: tmpdir=/tmp

Waiting for more resources.
[Mon Apr 14 20:02:36 2025]
Finished jobid: 11 (Rule: samtools_index)
9 of 12 steps (75%) done
Select jobs to execute...
Execute 1 jobs...
[Mon Apr 14 20:02:36 2025]
localrule bcftools_call:
    input: data/genome.fa, sorted_reads/A.bam, sorted_reads/B.bam, sorted_reads/C.bam, sorted_reads/A.bam.bai, sorted_reads/B.bam.bai, sorted_reads/C.bam.bai
    output: calls/all.vcf
    log: logs/bcftools_call/call.log
    jobid: 2
    reason: Input files updated by another job: sorted_reads/A.bam, sorted_reads/B.bam.bai, sorted_reads/C.bam, sorted_reads/A.bam.bai, sorted_reads/B.bam, sorted_reads/C.bam.bai
    resources: tmpdir=/tmp

Waiting for more resources.
[Mon Apr 14 20:02:37 2025]
Finished jobid: 2 (Rule: bcftools_call)
10 of 12 steps (83%) done
Select jobs to execute...
Execute 1 jobs...
[Mon Apr 14 20:02:37 2025]
localrule plot_quals:
    input: calls/all.vcf
    output: plots/quals.svg
    jobid: 1
    reason: Input files updated by another job: calls/all.vcf
    resources: tmpdir=/tmp

Waiting for more resources.
[Mon Apr 14 20:02:38 2025]
Finished jobid: 1 (Rule: plot_quals)
11 of 12 steps (92%) done
Select jobs to execute...
Execute 1 jobs...
[Mon Apr 14 20:02:38 2025]
localrule all:
    input: plots/quals.svg
    jobid: 0
    reason: Input files updated by another job: plots/quals.svg
    resources: tmpdir=/tmp

Waiting for more resources.
[Mon Apr 14 20:02:38 2025]
Finished jobid: 0 (Rule: all)
12 of 12 steps (100%) done
Complete log(s): /home/lizalfos/snakemake-tutorial/.snakemake/log/2025-04-14T200234.847139.snakemake.log
